
Intel ACPI Component Architecture
ASL Optimizing Compiler version 20120711-32 [Jul 11 2012]
Copyright (c) 2000 - 2012 Intel Corporation

Compilation of "SSDT-NVAU.dsl" - Thu Nov 21 22:26:27 2024

       1....DefinitionBlock ("", "SSDT", 2, "HACK", "NVAU", 0x00000000)

00000000....53 53 44 54 98 00 00 00     "SSDT...."
00000008....02 92 48 41 43 4B 00 00     "..HACK.."
00000010....4E 56 41 55 00 00 00 00     "NVAU...."
00000018....00 00 00 00 49 4E 54 4C     "....INTL"
00000020....11 07 12 20 ............    "... "

       2....{
       3....    External (\_SB_.PCI0.PEG0, DeviceObj)
       4....
       5....    Scope (\_SB.PCI0.PEG0)

00000024....10 43 07 5C 2F 03 5F 53     ".C.\/._S"
0000002C....42 5F 50 43 49 30 50 45     "B_PCI0PE"
00000034....47 30 ..................    "G0"

       6....    {
       7....        Device (NVAU)

00000036....5B 82 40 06 4E 56 41 55     "[.@.NVAU"

       8....        {
       9....            Name (_ADR, One)  

0000003E....08 5F 41 44 52 01 ......    "._ADR."

      10....            Method (_STA, 0, NotSerialized)  

00000044....14 19 5F 53 54 41 00 ...    ".._STA."

      11....            {
      12....                If (_OSI ("Darwin"))

0000004B....A0 10 ..................    ".."
0000004D....5F 4F 53 49 0D 44 61 72     "_OSI.Dar"
00000055....77 69 6E 00 ............    "win."

      13....                {
      14....                    Return (0x0F)

00000059....A4 0A 0F ...............    "..."

      15....                }
      16....
      17....                Return (Zero)

0000005C....A4 00 ..................    ".."

      18....            }
      19....
      20....            Method (_DSM, 4, NotSerialized)  

0000005E....14 39 5F 44 53 4D 04 ...    ".9_DSM."

      21....            {
      22....                If (_OSI ("Darwin"))

00000065....A0 30 ..................    ".0"
00000067....5F 4F 53 49 0D 44 61 72     "_OSI.Dar"
0000006F....77 69 6E 00 ............    "win."

      23....                {
      24....                    If (LNotEqual (Arg2, Zero))

00000073....A0 0A ..................    ".."
00000075....92 .....................    "."
00000076....93 6A 00 ...............    ".j."

      25....                    {
      26....                        Return (Buffer (One)

00000079....A4 .....................    "."
0000007A....11 03 01 03 ............    "...."

      27....                        {
      28....                             0x03                                             
      29....                        })
      30....                    }
      31....
      32....                    Return (Package (0x02)

0000007E....A4 .....................    "."
0000007F....12 16 02 0D 63 6C 61 73     "....clas"
00000087....73 2D 63 6F 64 65 00 ...    "s-code."

      33....                    {
      34....                        "class-code", 
      35....                        Buffer (0x04)

0000008E....11 07 0A 04 FF FF FF FF     "........"

      36....                        {
      37....                            0xFF, 0xFF, 0xFF, 0xFF                           
      38....                        }
      39....                    })
      40....                }
      41....                
      42....                Return (Zero)

00000096....A4 00 ..................    ".."
      43....            }
      44....        }
      45....    }
      46....}
      47....


Summary of errors and warnings


ASL Optimizing Compiler version 20120711-32 [Jul 11 2012]

ASL Input:     SSDT-NVAU.dsl - 48 lines, 914 bytes, 14 keywords
AML Output:    SSDT-NVAU.aml - 152 bytes, 5 named objects, 9 executable opcodes
Listing File:  SSDT-NVAU.lst - 3784 bytes

Compilation complete. 0 Errors, 0 Warnings, 0 Remarks, 0 Optimizations

