
Intel ACPI Component Architecture
ASL+ Optimizing Compiler/Disassembler version 20240927 (64-bit version)
Copyright (c) 2000 - 2023 Intel Corporation

Compilation of "SSDT-GPRW.asl"
       1:  DefinitionBlock ("SSDT-GPRW.aml", "SSDT", 2, "HACK", "GPRW", 0x00000000)

00000000:  53 53 44 54 B2 00 00 00     "SSDT...."
00000008:  02 11 48 41 43 4B 00 00     "..HACK.."
00000010:  47 50 52 57 00 00 00 00     "GPRW...."
00000018:  00 00 00 00 49 4E 54 4C     "....INTL"
00000020:  27 09 24 20 ............    "'.$ "
00000024:  A0 32 00 ...............    ".2."
00000027:  15 5C 2F 03 5F 53 42 5F     ".\/._SB_"
0000002F:  50 43 49 30 58 48 43 5F     "PCI0XHC_"
00000037:  06 00 ..................    ".."
00000039:  15 .....................    "."
0000003A:  5C 2F 04 5F 53 42 5F 50     "\/._SB_P"
00000042:  43 49 30 58 48 43 5F 58     "CI0XHC_X"
0000004A:  50 52 57 08 00 .........    "PRW.."
0000004F:  15 .....................    "."
00000050:  5C 58 50 52 57 08 02 ...    "\XPRW.."

       2:  {
       3:      External (_SB_.PCI0.XHC_, DeviceObj)
       4:      External (_SB_.PCI0.XHC_.XPRW, MethodObj)    // 0 Arguments
       5:      External (XPRW, MethodObj)    // 2 Arguments
       7:      Scope (\_SB.PCI0.XHC)

00000057:  10 32 5C 2F 03 5F 53 42     ".2\/._SB"
0000005F:  5F 50 43 49 30 58 48 43     "_PCI0XHC"
00000067:  5F .....................    "_"

       8:      {
       9:          Method (_PRW, 0, NotSerialized)  // _PRW: Power Resources for Wake

00000068:  14 21 5F 50 52 57 00 ...    ".!_PRW."

      10:          {
      11:              If (_OSI ("Darwin"))

0000006F:  A0 15 ..................    ".."
00000071:  5F 4F 53 49 0D 44 61 72     "_OSI.Dar"
00000079:  77 69 6E 00 ............    "win."

      12:              {
      13:                  Return (Package (0x02)

0000007D:  A4 .....................    "."
0000007E:  12 06 02 0A 0D 0A 04 ...    "......."

      14:                  {
      15:                      0x0D, 
      16:                      0x04
      17:                  })
      18:              }
      20:              Return (XPRW ())

00000085:  A4 .....................    "."
00000086:  58 50 52 57 ............    "XPRW"

      21:          }
      22:      }
      24:      Method (GPRW, 2, NotSerialized)

0000008A:  14 27 47 50 52 57 02 ...    ".'GPRW."

      25:      {
      26:          If ((_OSI ("Darwin") && (Arg0 == 0x0D)))

00000091:  A0 19 ..................    ".."
00000093:  90 .....................    "."
00000094:  5F 4F 53 49 0D 44 61 72     "_OSI.Dar"
0000009C:  77 69 6E 00 ............    "win."
000000A0:  93 68 0A 0D ............    ".h.."

      27:          {
      28:              Return (Package (0x02)

000000A4:  A4 .....................    "."
000000A5:  12 05 02 0A 0D 00 ......    "......"

      29:              {
      30:                  0x0D, 
      31:                  Zero
      32:              })
      33:          }
      35:          Return (XPRW (Arg0, Arg1))

000000AB:  A4 .....................    "."
000000AC:  58 50 52 57 68 69 ......    "XPRWhi"
      36:      }
      37:  }



Summary of errors and warnings


ASL+ Optimizing Compiler/Disassembler version 20240927 [Sep 27 2024]

ASL Input:     SSDT-GPRW.asl -     846 bytes     11 keywords      0 source lines
AML Output:    SSDT-GPRW.aml -     178 bytes      8 opcodes       3 named objects
Listing File:  SSDT-GPRW.lst -    3366 bytes

Compilation successful. 0 Errors, 0 Warnings, 0 Remarks, 0 Optimizations

