
Intel ACPI Component Architecture
ASL Optimizing Compiler version 20120711-32 [Jul 11 2012]
Copyright (c) 2000 - 2012 Intel Corporation

Compilation of "SSDT-XHUB.dsl" - Mon Nov 18 09:02:31 2024

       1....DefinitionBlock ("", "SSDT", 2, "HACK", "XHUB", 0x00000000)

00000000....53 53 44 54 6B 05 00 00     "SSDTk..."
00000008....02 2B 48 41 43 4B 00 00     ".+HACK.."
00000010....58 48 55 42 00 00 00 00     "XHUB...."
00000018....00 00 00 00 49 4E 54 4C     "....INTL"
00000020....11 07 12 20 ............    "... "

       2....{
       3....    External (\_SB_.PCI0.XHC_, DeviceObj)
       4....    External (\_SB_.PCI0.XHC_.RHUB, DeviceObj)
       5....
       6....    Scope (\_SB.PCI0.XHC.RHUB)

00000024....10 2E 5C 2F 04 5F 53 42     "..\/._SB"
0000002C....5F 50 43 49 30 58 48 43     "_PCI0XHC"
00000034....5F 52 48 55 42 .........    "_RHUB"

       7....    {
       8....        Method (_STA, 0, NotSerialized)  

00000039....14 19 5F 53 54 41 00 ...    ".._STA."

       9....        {
      10....            If (_OSI ("Darwin"))

00000040....A0 0F ..................    ".."
00000042....5F 4F 53 49 0D 44 61 72     "_OSI.Dar"
0000004A....77 69 6E 00 ............    "win."

      11....            {
      12....                Return (Zero)

0000004E....A4 00 ..................    ".."

      13....            }
      14....
      15....            Return (0x0F)

00000050....A4 0A 0F ...............    "..."

      16....        }
      17....    }
      18....
      19....    Scope (\_SB.PCI0.XHC)

00000053....10 47 51 5C 2F 03 5F 53     ".GQ\/._S"
0000005B....42 5F 50 43 49 30 58 48     "B_PCI0XH"
00000063....43 5F ..................    "C_"

      20....    {
      21....        Device (XHUB)

00000065....5B 82 44 50 58 48 55 42     "[.DPXHUB"

      22....        {
      23....            Name (_ADR, Zero)  

0000006D....08 5F 41 44 52 00 ......    "._ADR."

      24....            Name (PLD1, Package (0x01)

[****iasl****]
SSDT-XHUB.dsl     24:             Name (PLD1, Package (0x01)
Optimize 6039 -                                          ^ Integer optimized to single-byte AML opcode (One)


      25....            {
      26....                Buffer (0x10)
      27....                {
      28....                       0x01, 0xC6, 0x72, 0x00, 0x00, 0x00, 0x00, 0x00,
      29....                       0x69, 0x0C, 0x80, 0x00, 0x00, 0x00, 0x00, 0x00
      30....                }
      31....            })

00000073....08 50 4C 44 31 .........    ".PLD1"
00000078....12 16 01 ...............    "..."
0000007B....11 13 0A 10 01 C6 72 00     "......r."
00000083....00 00 00 00 69 0C 80 00     "....i..."
0000008B....00 00 00 00 ............    "...."

      32....            Name (PLD2, Package (0x01)

[****iasl****]
SSDT-XHUB.dsl     32:             Name (PLD2, Package (0x01)
Optimize 6039 -                                          ^ Integer optimized to single-byte AML opcode (One)


      33....            {
      34....                Buffer (0x10)
      35....                {
      36....                       0x01, 0xC6, 0x72, 0x00, 0x00, 0x00, 0x00, 0x00,
      37....                       0x69, 0x0C, 0x00, 0x01, 0x00, 0x00, 0x00, 0x00
      38....                }
      39....            })

0000008F....08 50 4C 44 32 .........    ".PLD2"
00000094....12 16 01 ...............    "..."
00000097....11 13 0A 10 01 C6 72 00     "......r."
0000009F....00 00 00 00 69 0C 00 01     "....i..."
000000A7....00 00 00 00 ............    "...."

      40....            Name (PLD3, Package (0x01)

[****iasl****]
SSDT-XHUB.dsl     40:             Name (PLD3, Package (0x01)
Optimize 6039 -                                          ^ Integer optimized to single-byte AML opcode (One)


      41....            {
      42....                Buffer (0x10)
      43....                {
      44....                       0x01, 0xC6, 0x72, 0x00, 0x00, 0x00, 0x00, 0x00,
      45....                       0x71, 0x0C, 0x80, 0x01, 0x00, 0x00, 0x00, 0x00
      46....                }
      47....            })

000000AB....08 50 4C 44 33 .........    ".PLD3"
000000B0....12 16 01 ...............    "..."
000000B3....11 13 0A 10 01 C6 72 00     "......r."
000000BB....00 00 00 00 71 0C 80 01     "....q..."
000000C3....00 00 00 00 ............    "...."

      48....            Name (PLD4, Package (0x01)

[****iasl****]
SSDT-XHUB.dsl     48:             Name (PLD4, Package (0x01)
Optimize 6039 -                                          ^ Integer optimized to single-byte AML opcode (One)


      49....            {
      50....                Buffer (0x10)
      51....                {
      52....                       0x01, 0xC6, 0x72, 0x00, 0x00, 0x00, 0x00, 0x00,
      53....                       0x71, 0x0C, 0x00, 0x02, 0x00, 0x00, 0x00, 0x00
      54....                }
      55....            })

000000C7....08 50 4C 44 34 .........    ".PLD4"
000000CC....12 16 01 ...............    "..."
000000CF....11 13 0A 10 01 C6 72 00     "......r."
000000D7....00 00 00 00 71 0C 00 02     "....q..."
000000DF....00 00 00 00 ............    "...."

      56....            Name (PLD5, Package (0x01)

[****iasl****]
SSDT-XHUB.dsl     56:             Name (PLD5, Package (0x01)
Optimize 6039 -                                          ^ Integer optimized to single-byte AML opcode (One)


      57....            {
      58....                Buffer (0x10)
      59....                {
      60....                       0x81, 0x00, 0x00, 0x00, 0x00, 0x00, 0x00, 0x00,
      61....                       0x71, 0x0C, 0x80, 0x02, 0x00, 0x00, 0x00, 0x00
      62....                }
      63....            })

000000E3....08 50 4C 44 35 .........    ".PLD5"
000000E8....12 16 01 ...............    "..."
000000EB....11 13 0A 10 81 00 00 00     "........"
000000F3....00 00 00 00 71 0C 80 02     "....q..."
000000FB....00 00 00 00 ............    "...."

      64....            Name (PLD6, Package (0x01)

[****iasl****]
SSDT-XHUB.dsl     64:             Name (PLD6, Package (0x01)
Optimize 6039 -                                          ^ Integer optimized to single-byte AML opcode (One)


      65....            {
      66....                Buffer (0x10)
      67....                {
      68....                       0x81, 0x00, 0x00, 0x00, 0x00, 0x00, 0x00, 0x00,
      69....                       0x69, 0x0C, 0x00, 0x03, 0x00, 0x00, 0x00, 0x00
      70....                }
      71....            })

000000FF....08 50 4C 44 36 .........    ".PLD6"
00000104....12 16 01 ...............    "..."
00000107....11 13 0A 10 81 00 00 00     "........"
0000010F....00 00 00 00 69 0C 00 03     "....i..."
00000117....00 00 00 00 ............    "...."

      72....            Name (PLD7, Package (0x01)

[****iasl****]
SSDT-XHUB.dsl     72:             Name (PLD7, Package (0x01)
Optimize 6039 -                                          ^ Integer optimized to single-byte AML opcode (One)


      73....            {
      74....                Buffer (0x10)
      75....                {
      76....                       0x81, 0x00, 0x00, 0x00, 0x00, 0x00, 0x00, 0x00,
      77....                       0x71, 0x0C, 0x80, 0x03, 0x00, 0x00, 0x00, 0x00
      78....                }
      79....            })

0000011B....08 50 4C 44 37 .........    ".PLD7"
00000120....12 16 01 ...............    "..."
00000123....11 13 0A 10 81 00 00 00     "........"
0000012B....00 00 00 00 71 0C 80 03     "....q..."
00000133....00 00 00 00 ............    "...."

      80....            Name (PLD8, Package (0x01)

[****iasl****]
SSDT-XHUB.dsl     80:             Name (PLD8, Package (0x01)
Optimize 6039 -                                          ^ Integer optimized to single-byte AML opcode (One)


      81....            {
      82....                Buffer (0x10)
      83....                {
      84....                       0x81, 0x00, 0x00, 0x00, 0x00, 0x00, 0x00, 0x00,
      85....                       0x71, 0x0C, 0x00, 0x04, 0x00, 0x00, 0x00, 0x00
      86....                }
      87....            })

00000137....08 50 4C 44 38 .........    ".PLD8"
0000013C....12 16 01 ...............    "..."
0000013F....11 13 0A 10 81 00 00 00     "........"
00000147....00 00 00 00 71 0C 00 04     "....q..."
0000014F....00 00 00 00 ............    "...."

      88....            Name (PLD9, Package (0x01)

[****iasl****]
SSDT-XHUB.dsl     88:             Name (PLD9, Package (0x01)
Optimize 6039 -                                          ^ Integer optimized to single-byte AML opcode (One)


      89....            {
      90....                Buffer (0x10)
      91....                {
      92....                       0x01, 0xC6, 0x72, 0x00, 0x00, 0x00, 0x00, 0x00,
      93....                       0x71, 0x0C, 0x80, 0x04, 0x00, 0x00, 0x00, 0x00
      94....                }
      95....            })

00000153....08 50 4C 44 39 .........    ".PLD9"
00000158....12 16 01 ...............    "..."
0000015B....11 13 0A 10 01 C6 72 00     "......r."
00000163....00 00 00 00 71 0C 80 04     "....q..."
0000016B....00 00 00 00 ............    "...."

      96....            Name (PLDA, Package (0x01)

[****iasl****]
SSDT-XHUB.dsl     96:             Name (PLDA, Package (0x01)
Optimize 6039 -                                          ^ Integer optimized to single-byte AML opcode (One)


      97....            {
      98....                Buffer (0x10)
      99....                {
     100....                       0x01, 0xC6, 0x72, 0x00, 0x00, 0x00, 0x00, 0x00,
     101....                       0x71, 0x0C, 0x00, 0x05, 0x00, 0x00, 0x00, 0x00
     102....                }
     103....            })

0000016F....08 50 4C 44 41 .........    ".PLDA"
00000174....12 16 01 ...............    "..."
00000177....11 13 0A 10 01 C6 72 00     "......r."
0000017F....00 00 00 00 71 0C 00 05     "....q..."
00000187....00 00 00 00 ............    "...."

     104....            Name (PLDB, Package (0x01)

[****iasl****]
SSDT-XHUB.dsl    104:             Name (PLDB, Package (0x01)
Optimize 6039 -                                          ^ Integer optimized to single-byte AML opcode (One)


     105....            {
     106....                Buffer (0x10)
     107....                {
     108....                       0x81, 0x00, 0x00, 0x00, 0x00, 0x00, 0x00, 0x00,
     109....                       0x31, 0x1C, 0x80, 0x05, 0x00, 0x00, 0x00, 0x00
     110....                }
     111....            })

0000018B....08 50 4C 44 42 .........    ".PLDB"
00000190....12 16 01 ...............    "..."
00000193....11 13 0A 10 81 00 00 00     "........"
0000019B....00 00 00 00 31 1C 80 05     "....1..."
000001A3....00 00 00 00 ............    "...."

     112....            Name (PLDC, Package (0x01)

[****iasl****]
SSDT-XHUB.dsl    112:             Name (PLDC, Package (0x01)
Optimize 6039 -                                          ^ Integer optimized to single-byte AML opcode (One)


     113....            {
     114....                Buffer (0x10)
     115....                {
     116....                       0x81, 0x00, 0x00, 0x00, 0x00, 0x00, 0x00, 0x00,
     117....                       0x31, 0x1C, 0x00, 0x06, 0x00, 0x00, 0x00, 0x00
     118....                }
     119....            })

000001A7....08 50 4C 44 43 .........    ".PLDC"
000001AC....12 16 01 ...............    "..."
000001AF....11 13 0A 10 81 00 00 00     "........"
000001B7....00 00 00 00 31 1C 00 06     "....1..."
000001BF....00 00 00 00 ............    "...."

     120....            Name (PLDD, Package (0x01)

[****iasl****]
SSDT-XHUB.dsl    120:             Name (PLDD, Package (0x01)
Optimize 6039 -                                          ^ Integer optimized to single-byte AML opcode (One)


     121....            {
     122....                Buffer (0x10)
     123....                {
     124....                       0x81, 0x00, 0x00, 0x00, 0x00, 0x00, 0x00, 0x00,
     125....                       0x31, 0x1C, 0x80, 0x06, 0x00, 0x00, 0x00, 0x00
     126....                }
     127....            })

000001C3....08 50 4C 44 44 .........    ".PLDD"
000001C8....12 16 01 ...............    "..."
000001CB....11 13 0A 10 81 00 00 00     "........"
000001D3....00 00 00 00 31 1C 80 06     "....1..."
000001DB....00 00 00 00 ............    "...."

     128....            Name (PLDE, Package (0x01)

[****iasl****]
SSDT-XHUB.dsl    128:             Name (PLDE, Package (0x01)
Optimize 6039 -                                          ^ Integer optimized to single-byte AML opcode (One)


     129....            {
     130....                Buffer (0x10)
     131....                {
     132....                       0x81, 0x00, 0x00, 0x00, 0x00, 0x00, 0x00, 0x00,
     133....                       0x31, 0x1C, 0x00, 0x07, 0x00, 0x00, 0x00, 0x00
     134....                }
     135....            })

000001DF....08 50 4C 44 45 .........    ".PLDE"
000001E4....12 16 01 ...............    "..."
000001E7....11 13 0A 10 81 00 00 00     "........"
000001EF....00 00 00 00 31 1C 00 07     "....1..."
000001F7....00 00 00 00 ............    "...."

     136....            Method (_STA, 0, NotSerialized)  

000001FB....14 19 5F 53 54 41 00 ...    ".._STA."

     137....            {
     138....                If (_OSI ("Darwin"))

00000202....A0 10 ..................    ".."
00000204....5F 4F 53 49 0D 44 61 72     "_OSI.Dar"
0000020C....77 69 6E 00 ............    "win."

     139....                {
     140....                    Return (0x0F)

00000210....A4 0A 0F ...............    "..."

     141....                }
     142....
     143....                Return (Zero)

00000213....A4 00 ..................    ".."

     144....            }
     145....
     146....            Method (GUPC, 2, Serialized)

00000215....14 29 47 55 50 43 0A ...    ".)GUPC."

     147....            {
     148....                Name (PCKG, Package (0x04)
     149....                {
     150....                    Zero, 
     151....                    Zero, 
     152....                    Zero, 
     153....                    Zero
     154....                })

0000021C....08 50 43 4B 47 .........    ".PCKG"
00000221....12 06 04 00 00 00 00 ...    "......."

     155....                Store (Arg0, Index (PCKG, Zero))

00000228....70 68 ..................    "ph"
0000022A....88 50 43 4B 47 00 00 ...    ".PCKG.."

     156....                Store (Arg1, Index (PCKG, One))

00000231....70 69 ..................    "pi"
00000233....88 50 43 4B 47 01 00 ...    ".PCKG.."

     157....                Return (PCKG)

0000023A....A4 50 43 4B 47 .........    ".PCKG"

     158....            }
     159....
     160....            Device (HS01)

0000023F....5B 82 26 48 53 30 31 ...    "[.&HS01"

     161....            {
     162....                Name (_ADR, One)  

00000246....08 5F 41 44 52 01 ......    "._ADR."

     163....                Method (_UPC, 0, Serialized)  

0000024C....14 0E 5F 55 50 43 08 ...    ".._UPC."

     164....                {
     165....                    Return (GUPC (Zero, 0x03))

00000253....A4 .....................    "."
00000254....47 55 50 43 00 0A 03 ...    "GUPC..."

     166....                }
     167....
     168....                Method (_PLD, 0, Serialized)  

0000025B....14 0B 5F 50 4C 44 08 ...    ".._PLD."

     169....                {
     170....                    Return (PLD1)

00000262....A4 50 4C 44 31 .........    ".PLD1"

     171....                }
     172....            }
     173....
     174....            Device (HS02)

00000267....5B 82 27 48 53 30 32 ...    "[.'HS02"

     175....            {
     176....                Name (_ADR, 0x02)  

0000026E....08 5F 41 44 52 0A 02 ...    "._ADR.."

     177....                Method (_UPC, 0, Serialized)  

00000275....14 0E 5F 55 50 43 08 ...    ".._UPC."

     178....                {
     179....                    Return (GUPC (Zero, 0x03))

0000027C....A4 .....................    "."
0000027D....47 55 50 43 00 0A 03 ...    "GUPC..."

     180....                }
     181....
     182....                Method (_PLD, 0, Serialized)  

00000284....14 0B 5F 50 4C 44 08 ...    ".._PLD."

     183....                {
     184....                    Return (PLD2)

0000028B....A4 50 4C 44 32 .........    ".PLD2"

     185....                }
     186....            }
     187....
     188....            Device (HS03)

00000290....5B 82 27 48 53 30 33 ...    "[.'HS03"

     189....            {
     190....                Name (_ADR, 0x03)  

00000297....08 5F 41 44 52 0A 03 ...    "._ADR.."

     191....                Method (_UPC, 0, Serialized)  

0000029E....14 0E 5F 55 50 43 08 ...    ".._UPC."

     192....                {
     193....                    Return (GUPC (One, 0x03))

000002A5....A4 .....................    "."
000002A6....47 55 50 43 01 0A 03 ...    "GUPC..."

     194....                }
     195....
     196....                Method (_PLD, 0, Serialized)  

000002AD....14 0B 5F 50 4C 44 08 ...    ".._PLD."

     197....                {
     198....                    Return (PLD3)

000002B4....A4 50 4C 44 33 .........    ".PLD3"

     199....                }
     200....            }
     201....
     202....            Device (HS04)

000002B9....5B 82 27 48 53 30 34 ...    "[.'HS04"

     203....            {
     204....                Name (_ADR, 0x04)  

000002C0....08 5F 41 44 52 0A 04 ...    "._ADR.."

     205....                Method (_UPC, 0, Serialized)  

000002C7....14 0E 5F 55 50 43 08 ...    ".._UPC."

     206....                {
     207....                    Return (GUPC (One, 0x03))

000002CE....A4 .....................    "."
000002CF....47 55 50 43 01 0A 03 ...    "GUPC..."

     208....                }
     209....
     210....                Method (_PLD, 0, Serialized)  

000002D6....14 0B 5F 50 4C 44 08 ...    ".._PLD."

     211....                {
     212....                    Return (PLD4)

000002DD....A4 50 4C 44 34 .........    ".PLD4"

     213....                }
     214....            }
     215....
     216....            Device (HS05)

000002E2....5B 82 26 48 53 30 35 ...    "[.&HS05"

     217....            {
     218....                Name (_ADR, 0x05)  

000002E9....08 5F 41 44 52 0A 05 ...    "._ADR.."

     219....                Method (_UPC, 0, Serialized)  

000002F0....14 0D 5F 55 50 43 08 ...    ".._UPC."

     220....                {
     221....                    Return (GUPC (One, Zero))

000002F7....A4 .....................    "."
000002F8....47 55 50 43 01 00 ......    "GUPC.."

     222....                }
     223....
     224....                Method (_PLD, 0, Serialized)  

000002FE....14 0B 5F 50 4C 44 08 ...    ".._PLD."

     225....                {
     226....                    Return (PLD5)

00000305....A4 50 4C 44 35 .........    ".PLD5"

     227....                }
     228....            }
     229....
     230....            Device (HS06)

0000030A....5B 82 26 48 53 30 36 ...    "[.&HS06"

     231....            {
     232....                Name (_ADR, 0x06)  

00000311....08 5F 41 44 52 0A 06 ...    "._ADR.."

     233....                Method (_UPC, 0, Serialized)  

00000318....14 0D 5F 55 50 43 08 ...    ".._UPC."

     234....                {
     235....                    Return (GUPC (One, Zero))

0000031F....A4 .....................    "."
00000320....47 55 50 43 01 00 ......    "GUPC.."

     236....                }
     237....
     238....                Method (_PLD, 0, Serialized)  

00000326....14 0B 5F 50 4C 44 08 ...    ".._PLD."

     239....                {
     240....                    Return (PLD6)

0000032D....A4 50 4C 44 36 .........    ".PLD6"

     241....                }
     242....            }
     243....
     244....            Device (HS07)

00000332....5B 82 26 48 53 30 37 ...    "[.&HS07"

     245....            {
     246....                Name (_ADR, 0x07)  

00000339....08 5F 41 44 52 0A 07 ...    "._ADR.."

     247....                Method (_UPC, 0, Serialized)  

00000340....14 0D 5F 55 50 43 08 ...    ".._UPC."

     248....                {
     249....                    Return (GUPC (One, Zero))

00000347....A4 .....................    "."
00000348....47 55 50 43 01 00 ......    "GUPC.."

     250....                }
     251....
     252....                Method (_PLD, 0, Serialized)  

0000034E....14 0B 5F 50 4C 44 08 ...    ".._PLD."

     253....                {
     254....                    Return (PLD7)

00000355....A4 50 4C 44 37 .........    ".PLD7"

     255....                }
     256....            }
     257....
     258....            Device (HS08)

0000035A....5B 82 26 48 53 30 38 ...    "[.&HS08"

     259....            {
     260....                Name (_ADR, 0x08)  

00000361....08 5F 41 44 52 0A 08 ...    "._ADR.."

     261....                Method (_UPC, 0, Serialized)  

00000368....14 0D 5F 55 50 43 08 ...    ".._UPC."

     262....                {
     263....                    Return (GUPC (One, Zero))

0000036F....A4 .....................    "."
00000370....47 55 50 43 01 00 ......    "GUPC.."

     264....                }
     265....
     266....                Method (_PLD, 0, Serialized)  

00000376....14 0B 5F 50 4C 44 08 ...    ".._PLD."

     267....                {
     268....                    Return (PLD8)

0000037D....A4 50 4C 44 38 .........    ".PLD8"

     269....                }
     270....            }
     271....
     272....            Device (HS09)

00000382....5B 82 27 48 53 30 39 ...    "[.'HS09"

     273....            {
     274....                Name (_ADR, 0x09)  

00000389....08 5F 41 44 52 0A 09 ...    "._ADR.."

     275....                Method (_UPC, 0, Serialized)  

00000390....14 0E 5F 55 50 43 08 ...    ".._UPC."

     276....                {
     277....                    Return (GUPC (One, 0x03))

00000397....A4 .....................    "."
00000398....47 55 50 43 01 0A 03 ...    "GUPC..."

     278....                }
     279....
     280....                Method (_PLD, 0, Serialized)  

0000039F....14 0B 5F 50 4C 44 08 ...    ".._PLD."

     281....                {
     282....                    Return (PLD9)

000003A6....A4 50 4C 44 39 .........    ".PLD9"

     283....                }
     284....            }
     285....
     286....            Device (HS10)

000003AB....5B 82 27 48 53 31 30 ...    "[.'HS10"

     287....            {
     288....                Name (_ADR, 0x0A)  

000003B2....08 5F 41 44 52 0A 0A ...    "._ADR.."

     289....                Method (_UPC, 0, Serialized)  

000003B9....14 0E 5F 55 50 43 08 ...    ".._UPC."

     290....                {
     291....                    Return (GUPC (One, 0x03))

000003C0....A4 .....................    "."
000003C1....47 55 50 43 01 0A 03 ...    "GUPC..."

     292....                }
     293....
     294....                Method (_PLD, 0, Serialized)  

000003C8....14 0B 5F 50 4C 44 08 ...    ".._PLD."

     295....                {
     296....                    Return (PLDA)

000003CF....A4 50 4C 44 41 .........    ".PLDA"

     297....                }
     298....            }
     299....
     300....            Device (HS11)

000003D4....5B 82 27 48 53 31 31 ...    "[.'HS11"

     301....            {
     302....                Name (_ADR, 0x0B)  

000003DB....08 5F 41 44 52 0A 0B ...    "._ADR.."

     303....                Method (_UPC, 0, Serialized)  

000003E2....14 0E 5F 55 50 43 08 ...    ".._UPC."

     304....                {
     305....                    Return (GUPC (One, 0xFF))

000003E9....A4 .....................    "."
000003EA....47 55 50 43 01 0A FF ...    "GUPC..."

     306....                }
     307....
     308....                Method (_PLD, 0, Serialized)  

000003F1....14 0B 5F 50 4C 44 08 ...    ".._PLD."

     309....                {
     310....                    Return (PLDB)

000003F8....A4 50 4C 44 42 .........    ".PLDB"

     311....                }
     312....            }
     313....
     314....            Device (HS12)

000003FD....5B 82 26 48 53 31 32 ...    "[.&HS12"

     315....            {
     316....                Name (_ADR, 0x0C)  

00000404....08 5F 41 44 52 0A 0C ...    "._ADR.."

     317....                Method (_UPC, 0, Serialized)  

0000040B....14 0D 5F 55 50 43 08 ...    ".._UPC."

     318....                {
     319....                    Return (GUPC (Zero, Zero))

00000412....A4 .....................    "."
00000413....47 55 50 43 00 00 ......    "GUPC.."

     320....                }
     321....
     322....                Method (_PLD, 0, Serialized)  

00000419....14 0B 5F 50 4C 44 08 ...    ".._PLD."

     323....                {
     324....                    Return (PLDC)

00000420....A4 50 4C 44 43 .........    ".PLDC"

     325....                }
     326....            }
     327....
     328....            Device (HS13)

00000425....5B 82 26 48 53 31 33 ...    "[.&HS13"

     329....            {
     330....                Name (_ADR, 0x0D)  

0000042C....08 5F 41 44 52 0A 0D ...    "._ADR.."

     331....                Method (_UPC, 0, Serialized)  

00000433....14 0D 5F 55 50 43 08 ...    ".._UPC."

     332....                {
     333....                    Return (GUPC (One, Zero))

0000043A....A4 .....................    "."
0000043B....47 55 50 43 01 00 ......    "GUPC.."

     334....                }
     335....
     336....                Method (_PLD, 0, Serialized)  

00000441....14 0B 5F 50 4C 44 08 ...    ".._PLD."

     337....                {
     338....                    Return (PLDD)

00000448....A4 50 4C 44 44 .........    ".PLDD"

     339....                }
     340....            }
     341....
     342....            Device (HS14)

0000044D....5B 82 26 48 53 31 34 ...    "[.&HS14"

     343....            {
     344....                Name (_ADR, 0x0E)  

00000454....08 5F 41 44 52 0A 0E ...    "._ADR.."

     345....                Method (_UPC, 0, Serialized)  

0000045B....14 0D 5F 55 50 43 08 ...    ".._UPC."

     346....                {
     347....                    Return (GUPC (One, Zero))

00000462....A4 .....................    "."
00000463....47 55 50 43 01 00 ......    "GUPC.."

     348....                }
     349....
     350....                Method (_PLD, 0, Serialized)  

00000469....14 0B 5F 50 4C 44 08 ...    ".._PLD."

     351....                {
     352....                    Return (PLDE)

00000470....A4 50 4C 44 45 .........    ".PLDE"

     353....                }
     354....            }
     355....
     356....            Device (SSP1)

00000475....5B 82 27 53 53 50 31 ...    "[.'SSP1"

     357....            {
     358....                Name (_ADR, 0x10)  

0000047C....08 5F 41 44 52 0A 10 ...    "._ADR.."

     359....                Method (_UPC, 0, Serialized)  

00000483....14 0E 5F 55 50 43 08 ...    ".._UPC."

     360....                {
     361....                    Return (GUPC (Zero, 0x03))

0000048A....A4 .....................    "."
0000048B....47 55 50 43 00 0A 03 ...    "GUPC..."

     362....                }
     363....
     364....                Method (_PLD, 0, Serialized)  

00000492....14 0B 5F 50 4C 44 08 ...    ".._PLD."

     365....                {
     366....                    Return (PLD1)

00000499....A4 50 4C 44 31 .........    ".PLD1"

     367....                }
     368....            }
     369....
     370....            Device (SSP2)

0000049E....5B 82 27 53 53 50 32 ...    "[.'SSP2"

     371....            {
     372....                Name (_ADR, 0x11)  

000004A5....08 5F 41 44 52 0A 11 ...    "._ADR.."

     373....                Method (_UPC, 0, Serialized)  

000004AC....14 0E 5F 55 50 43 08 ...    ".._UPC."

     374....                {
     375....                    Return (GUPC (Zero, 0x03))

000004B3....A4 .....................    "."
000004B4....47 55 50 43 00 0A 03 ...    "GUPC..."

     376....                }
     377....
     378....                Method (_PLD, 0, Serialized)  

000004BB....14 0B 5F 50 4C 44 08 ...    ".._PLD."

     379....                {
     380....                    Return (PLD2)

000004C2....A4 50 4C 44 32 .........    ".PLD2"

     381....                }
     382....            }
     383....
     384....            Device (SSP3)

000004C7....5B 82 27 53 53 50 33 ...    "[.'SSP3"

     385....            {
     386....                Name (_ADR, 0x12)  

000004CE....08 5F 41 44 52 0A 12 ...    "._ADR.."

     387....                Method (_UPC, 0, Serialized)  

000004D5....14 0E 5F 55 50 43 08 ...    ".._UPC."

     388....                {
     389....                    Return (GUPC (One, 0x03))

000004DC....A4 .....................    "."
000004DD....47 55 50 43 01 0A 03 ...    "GUPC..."

     390....                }
     391....
     392....                Method (_PLD, 0, Serialized)  

000004E4....14 0B 5F 50 4C 44 08 ...    ".._PLD."

     393....                {
     394....                    Return (PLD3)

000004EB....A4 50 4C 44 33 .........    ".PLD3"

     395....                }
     396....            }
     397....
     398....            Device (SSP4)

000004F0....5B 82 27 53 53 50 34 ...    "[.'SSP4"

     399....            {
     400....                Name (_ADR, 0x13)  

000004F7....08 5F 41 44 52 0A 13 ...    "._ADR.."

     401....                Method (_UPC, 0, Serialized)  

000004FE....14 0E 5F 55 50 43 08 ...    ".._UPC."

     402....                {
     403....                    Return (GUPC (One, 0x03))

00000505....A4 .....................    "."
00000506....47 55 50 43 01 0A 03 ...    "GUPC..."

     404....                }
     405....
     406....                Method (_PLD, 0, Serialized)  

0000050D....14 0B 5F 50 4C 44 08 ...    ".._PLD."

     407....                {
     408....                    Return (PLD4)

00000514....A4 50 4C 44 34 .........    ".PLD4"

     409....                }
     410....            }
     411....
     412....            Device (SSP5)

00000519....5B 82 27 53 53 50 35 ...    "[.'SSP5"

     413....            {
     414....                Name (_ADR, 0x14)  

00000520....08 5F 41 44 52 0A 14 ...    "._ADR.."

     415....                Method (_UPC, 0, Serialized)  

00000527....14 0E 5F 55 50 43 08 ...    ".._UPC."

     416....                {
     417....                    Return (GUPC (One, 0x03))

0000052E....A4 .....................    "."
0000052F....47 55 50 43 01 0A 03 ...    "GUPC..."

     418....                }
     419....
     420....                Method (_PLD, 0, Serialized)  

00000536....14 0B 5F 50 4C 44 08 ...    ".._PLD."

     421....                {
     422....                    Return (PLD9)

0000053D....A4 50 4C 44 39 .........    ".PLD9"

     423....                }
     424....            }
     425....
     426....            Device (SSP6)

00000542....5B 82 27 53 53 50 36 ...    "[.'SSP6"

     427....            {
     428....                Name (_ADR, 0x15)  

00000549....08 5F 41 44 52 0A 15 ...    "._ADR.."

     429....                Method (_UPC, 0, Serialized)  

00000550....14 0E 5F 55 50 43 08 ...    ".._UPC."

     430....                {
     431....                    Return (GUPC (One, 0x03))

00000557....A4 .....................    "."
00000558....47 55 50 43 01 0A 03 ...    "GUPC..."

     432....                }
     433....
     434....                Method (_PLD, 0, Serialized)  

0000055F....14 0B 5F 50 4C 44 08 ...    ".._PLD."

     435....                {
     436....                    Return (PLDA)

00000566....A4 50 4C 44 41 .........    ".PLDA"
     437....                }
     438....            }
     439....        }
     440....    }
     441....}
     442....


Summary of errors and warnings


ASL Optimizing Compiler version 20120711-32 [Jul 11 2012]

ASL Input:     SSDT-XHUB.dsl - 443 lines, 11654 bytes, 153 keywords
AML Output:    SSDT-XHUB.aml - 1387 bytes, 102 named objects, 51 executable opcodes
Listing File:  SSDT-XHUB.lst - 33306 bytes

Compilation complete. 0 Errors, 0 Warnings, 0 Remarks, 14 Optimizations

