
Intel ACPI Component Architecture
ASL+ Optimizing Compiler/Disassembler version 20240927 (64-bit version)
Copyright (c) 2000 - 2023 Intel Corporation

Compilation of "SSDT-PLUG.asl"
       1:  DefinitionBlock ("SSDT-PLUG.aml", "SSDT", 2, "HACK", "PLUG", 0x00000000)

00000000:  53 53 44 54 91 00 00 00     "SSDT...."
00000008:  02 D2 48 41 43 4B 00 00     "..HACK.."
00000010:  50 4C 55 47 00 00 00 00     "PLUG...."
00000018:  00 00 00 00 49 4E 54 4C     "....INTL"
00000020:  27 09 24 20 ............    "'.$ "
00000024:  A0 0F 00 ...............    "..."
00000027:  15 5C 2E 5F 50 52 5F 43     ".\._PR_C"
0000002F:  50 55 30 0C 00 .........    "PU0.."

       2:  {
       3:      External (_PR_.CPU0, ProcessorObj)
       5:      If (CondRefOf (\_PR.CPU0))

00000034:  A0 4C 05 ...............    ".L."
00000037:  5B 12 5C 2E 5F 50 52 5F     "[.\._PR_"
0000003F:  43 50 55 30 00 .........    "CPU0."

       6:      {
       7:          If ((ObjectType (\_PR.CPU0) == 0x0C))

00000044:  A0 4C 04 ...............    ".L."
00000047:  93 .....................    "."
00000048:  8E 5C 2E 5F 50 52 5F 43     ".\._PR_C"
00000050:  50 55 30 0A 0C .........    "PU0.."

       8:          {
       9:              Scope (\_PR.CPU0)

00000055:  10 3B 5C 2E 5F 50 52 5F     ".;\._PR_"
0000005D:  43 50 55 30 ............    "CPU0"

      10:              {
      11:                  If (_OSI ("Darwin"))

00000061:  A0 2F ..................    "./"
00000063:  5F 4F 53 49 0D 44 61 72     "_OSI.Dar"
0000006B:  77 69 6E 00 ............    "win."

      12:                  {
      13:                      Method (_DSM, 4, NotSerialized)  // _DSM: Device-Specific Method

0000006F:  14 21 5F 44 53 4D 04 ...    ".!_DSM."

      14:                      {
      15:                          If (!Arg2)

00000076:  A0 08 ..................    ".."
00000078:  92 6A ..................    ".j"

      16:                          {
      17:                              Return (Buffer (One)

0000007A:  A4 .....................    "."
0000007B:  11 03 01 03 ............    "...."

      18:                              {
      19:                                   0x03                                             // .
      20:                              })
      21:                          }
      23:                          Return (Package (0x02)

0000007F:  A4 .....................    "."
00000080:  12 10 02 0D 70 6C 75 67     "....plug"
00000088:  69 6E 2D 74 79 70 65 00     "in-type."
00000090:  01 .....................    "."
      24:                          {
      25:                              "plugin-type", 
      26:                              One
      27:                          })
      28:                      }
      29:                  }
      30:              }
      31:          }
      32:      }
      33:  }



Summary of errors and warnings


ASL+ Optimizing Compiler/Disassembler version 20240927 [Sep 27 2024]

ASL Input:     SSDT-PLUG.asl -     947 bytes     12 keywords      0 source lines
AML Output:    SSDT-PLUG.aml -     145 bytes     10 opcodes       2 named objects
Listing File:  SSDT-PLUG.lst -    3118 bytes

Compilation successful. 0 Errors, 0 Warnings, 0 Remarks, 0 Optimizations

