
Intel ACPI Component Architecture
ASL Optimizing Compiler version 20120711-32 [Jul 11 2012]
Copyright (c) 2000 - 2012 Intel Corporation

Compilation of "SSDT-XHCfixes.dsl" - Mon Nov 18 09:02:21 2024

       1....DefinitionBlock ("", "SSDT", 2, "HACK", "XHCfixes", 0x00000000)

00000000....53 53 44 54 8A 00 00 00     "SSDT...."
00000008....02 BE 48 41 43 4B 00 00     "..HACK.."
00000010....58 48 43 66 69 78 65 73     "XHCfixes"
00000018....00 00 00 00 49 4E 54 4C     "....INTL"
00000020....11 07 12 20 ............    "... "

       2....{
       3....    External (\_SB_.PCI0.XHC_, DeviceObj)
       4....    External (\_SB_.PCI0.XHC_.ESEX, MethodObj)    
       5....    External (\_SB_.PCI0.XHC_.XSEX, MethodObj)    
       6....    External (\_SB_.PCI0.XHC_.XWAX, MethodObj)    
       7....
       8....    Scope (\_SB.PCI0.XHC)

00000024....10 45 06 5C 2F 03 5F 53     ".E.\/._S"
0000002C....42 5F 50 43 49 30 58 48     "B_PCI0XH"
00000034....43 5F ..................    "C_"

       9....    {
      10....        Method (XSEL, 0, Serialized)

00000036....14 1B 58 53 45 4C 08 ...    "..XSEL."

      11....        {
      12....            If (_OSI ("Darwin")) {}

0000003D....A0 0D ..................    ".."
0000003F....5F 4F 53 49 0D 44 61 72     "_OSI.Dar"
00000047....77 69 6E 00 ............    "win."

      13....            Else
      14....            {
      15....                ^XSEX ()

0000004B....A1 06 ..................    ".."
0000004D....5E 58 53 45 58 .........    "^XSEX"

      16....            }
      17....        }
      18....
      19....        Method (ESEL, 0, Serialized)

00000052....14 1B 45 53 45 4C 08 ...    "..ESEL."

      20....        {
      21....            If (_OSI ("Darwin")) {}

00000059....A0 0D ..................    ".."
0000005B....5F 4F 53 49 0D 44 61 72     "_OSI.Dar"
00000063....77 69 6E 00 ............    "win."

      22....            Else
      23....            {
      24....                ^ESEX ()

00000067....A1 06 ..................    ".."
00000069....5E 45 53 45 58 .........    "^ESEX"

      25....            }
      26....        }
      27....
      28....        Method (XWAK, 0, Serialized)

0000006E....14 1B 58 57 41 4B 08 ...    "..XWAK."

      29....        {
      30....            If (_OSI ("Darwin")) {}

00000075....A0 0D ..................    ".."
00000077....5F 4F 53 49 0D 44 61 72     "_OSI.Dar"
0000007F....77 69 6E 00 ............    "win."

      31....            Else
      32....            {
      33....                ^XWAX ()

00000083....A1 06 ..................    ".."
00000085....5E 58 57 41 58 .........    "^XWAX"
      34....            }
      35....        }
      36....    }
      37....}
      38....


Summary of errors and warnings


ASL Optimizing Compiler version 20120711-32 [Jul 11 2012]

ASL Input:     SSDT-XHCfixes.dsl - 39 lines, 790 bytes, 10 keywords
AML Output:    SSDT-XHCfixes.aml - 138 bytes, 4 named objects, 6 executable opcodes
Listing File:  SSDT-XHCfixes.lst - 3075 bytes

Compilation complete. 0 Errors, 0 Warnings, 0 Remarks, 0 Optimizations

