
Intel ACPI Component Architecture
ASL Optimizing Compiler version 20120711-32 [Jul 11 2012]
Copyright (c) 2000 - 2012 Intel Corporation

Compilation of "SSDT-PLUG.dsl" - Mon Nov 18 09:02:08 2024

       1....DefinitionBlock ("", "SSDT", 2, "HACK", "CpuPlug", 0x00000000)

00000000....53 53 44 54 63 00 00 00     "SSDTc..."
00000008....02 49 48 41 43 4B 00 00     ".IHACK.."
00000010....43 70 75 50 6C 75 67 00     "CpuPlug."
00000018....00 00 00 00 49 4E 54 4C     "....INTL"
00000020....11 07 12 20 ............    "... "

       2....{
       3....    External (\_PR_.CPU0, ProcessorObj)
       4....
       5....    Scope (\_PR.CPU0)

00000024....10 3E 5C 2E 5F 50 52 5F     ".>\._PR_"
0000002C....43 50 55 30 ............    "CPU0"

       6....    {
       7....        Method (_DSM, 4, NotSerialized)  

00000030....14 32 5F 44 53 4D 04 ...    ".2_DSM."

       8....        {
       9....            If (_OSI ("Darwin"))

00000037....A0 29 ..................    ".)"
00000039....5F 4F 53 49 0D 44 61 72     "_OSI.Dar"
00000041....77 69 6E 00 ............    "win."

      10....            {
      11....                If (LEqual (Arg2, Zero))

00000045....A0 09 ..................    ".."
00000047....93 6A 00 ...............    ".j."

      12....                {
      13....                    Return (Buffer (One)

0000004A....A4 .....................    "."
0000004B....11 03 01 03 ............    "...."

      14....                    {
      15....                         0x03
      16....                    })
      17....                }
      18....
      19....                Return (Package (0x02)

0000004F....A4 .....................    "."
00000050....12 10 02 0D 70 6C 75 67     "....plug"
00000058....69 6E 2D 74 79 70 65 00     "in-type."
00000060....01 .....................    "."

      20....                {
      21....                    "plugin-type", 
      22....                    One
      23....                })
      24....            }
      25....
      26....            Return (Zero)

00000061....A4 00 ..................    ".."
      27....        }
      28....    }
      29....}
      30....


Summary of errors and warnings


ASL Optimizing Compiler version 20120711-32 [Jul 11 2012]

ASL Input:     SSDT-PLUG.dsl - 31 lines, 619 bytes, 8 keywords
AML Output:    SSDT-PLUG.aml - 99 bytes, 2 named objects, 6 executable opcodes
Listing File:  SSDT-PLUG.lst - 2471 bytes

Compilation complete. 0 Errors, 0 Warnings, 0 Remarks, 0 Optimizations

